// Vitest Snapshot v1, https://vitest.dev/guide/snapshot.html

exports[`Tab navigation > renders correctly by default 1`] = `
"<nav aria-label="Tab Navigation" class="tab-nav">
  <ul>
    <li><button type="button" aria-label="Go to page 1" data-id="1" class="">Page 1
        <!--v-if-->
      </button></li>
    <li><button type="button" aria-label="Go to page 2" data-id="2" class="">Page 2
        <!--v-if-->
      </button></li>
    <li><button type="button" aria-label="Go to page 3" data-id="3" class="">Page 3
        <!--v-if-->
      </button></li>
    <li><button type="button" aria-label="Go to page 4" data-id="4" class="">Page 4
        <!--v-if-->
      </button></li>
    <li><button type="button" aria-label="Go to page 5" data-id="5" class="">Page 5
        <!--v-if-->
      </button></li>
  </ul>
</nav>"
`;
